// Jest Snapshot v1, https://goo.gl/fbAQLP

exports[`Navbar component should render cart icon 1`] = `
<i
  aria-label="cartIcon"
  class="fa-solid fa-cart-flatbed"
  role="menuitem"
  style="font-size: 35px; color: rgb(255, 255, 255);"
/>
`;

exports[`Navbar component should render logo 1`] = `
<img
  alt="Ultimat World Cruise"
  class="nextui-c-kbhVdb nextui-c-kbhVdb-ikZHsFe-css nextui-image"
  data-state="loading"
  height="100"
  src="cruiseLogo.png"
  width="200"
/>
`;

exports[`Navbar component should render shop menu item 1`] = `
<h2
  class="nextui-c-PJLV nextui-c-PJLV-ijXuRFq-css"
>
  Shop
</h2>
`;
